Mackenzie Brown
Log for AST 4762, Fall 2026


*****IN: Wed Aug 26 14:06:01 EDT 2026

Created ast4762 folder, then created a homework folder, then using finder opened the application
textedit and opened a new blank text to create my log and saved as:


*****OUT: Wed Aug 26 14:07:01 EDT 2026

*****IN: Wed 14:59:01 EDT 2026

Log under home/documents/ast4762/homework

Name: Mackenzie Brown
Username:kenzb4

What astronomy classes have you taken? I have taken AST 2002 and AST 4142.

Are you generally comfortable with calculus and physics? I am 

Have you ever programmed a computer? I have programmed on a computer, written code for coursework, as well as for research

In what language(s)? I have only ever written using python

Have you taken a programming class, and if so which? I have taken COP 2500 and PHZ 3150


Have you taken statistics or probability? I have not 

Will you be attending the DPS conference this year, or will
you be away otherwise? I will not be 
Why are you taking this course? I am taking this course to further develop my coding skills in real-world applications. I want to create code using real astronomical data, encounter the successes and failures now to not be suprised later at what can come in data research. 

Are there particular topics you hope to learn? I want to learn how to extract background noise out of telescopic data, if I can learn this, I can choose any object to focus on to study.

If you have programmed outside of a course before, please
briefly describe: I have breifly coded in a research course (not sure if that counts?), extracting data from external sources like the Horizons database to gather data and dates on asteroids at low phase angles. 

If you have worked with scientific data before, briefly
describe your experience: I have briefly worked with scientific data, looking into older files of data on asteroids, extracting it, and filing it away for my own use. 

Please describe any projects in astronomy, including
involvement in amateur groups, owning a telescope,
research, etc.: I have not engaged in any astronomy projects outside of my research course I took this past summer. However, I am hoping to get involved with the astronomy club at UCF this semester.



Q3. I opened the finder app and went to the Documents tab, created a new folder inside named ast4762, inside the ast4762 folder I created another folder named homework, inside that homework folder i created a new folder names hw0_kenzb4 

i took my log file and created a duplicate of it, i inserted that duplicate into my hw0_kenzb4 folder, then i took that folder and compressed it so it is now a .zip file 

*****OUT: Wed Aug 26 15:23:44 EDT 2026
